{
 "features": {
  "ADD": "MIXED",
  "PARTIAL_CLOSE": "SUPPORTED",
  "LONG_HOLD": "MIXED",
  "LOW_LEVERAGE": "SUPPORTED",
  "LOSS_AFTER_SIZE_CONTROL": "MIXED"
 },
 "overall": "MIXED",
 "entry_edge": "MIXED",
 "detail": {
  "add": {
   "d_mean": 0.0009841556549269087,
   "ci": [
    -0.01570185441057205,
    0.010142459895643913
   ],
   "years_pos": 3,
   "rules_ok": false,
   "catastrophic_ok": false
  },
  "partial": {
   "d": {
    "n": 1384,
    "mean": -0.016120340231377185,
    "se": 0.009198869394664033,
    "ci95": [
     -0.03511696270551271,
     0.0004528339688923029
    ],
    "median": -0.0029105596470912595,
    "p25": -0.019340948836076843,
    "p75": 0.00153580682367467,
    "pos_rate": 0.33309248554913296
   },
   "mae_gain": {
    "n": 1384,
    "mean": 0.07177319018184322,
    "se": 0.012147385086973116,
    "ci95": [
     0.0521953389239553,
     0.09853679627880421
    ],
    "median": 4.3094562052568296e-05,
    "p25": 0.0,
    "p75": 0.02803709321158303,
    "pos_rate": 0.5101156069364162
   }
  },
  "long_hold": {
   "d": {
    "n": 629,
    "mean": 0.011266786333696108,
    "se": 0.007407753773696227,
    "ci95": [
     -0.0059456789371017515,
     0.023925936087644824
    ],
    "median": 0.022062071113611765,
    "p25": -0.009259937410705209,
    "p75": 0.06044443220531168,
    "pos_rate": 0.6899841017488076
   },
   "years_pos": 4
  },
  "leverage": {
   "catastrophic_rates_low_mid_high": [
    0.007142857142857143,
    0.03456495828367104,
    0.11561382598331346
   ],
   "liq_share_top": 0.7894736842105263
  },
  "loss_after": {
   "r6": 1.2964117927701664,
   "r24": 1.2162072242495106
  }
 }
}
wall=183.64 s peak=1732776 KB
