{
 "historical": "MIXED",
 "conditions": {
  "C1": false,
  "C2": false,
  "C3": true,
  "C4": false
 },
 "C2_years_positive": {
  "2018": 2.339762654006792,
  "2019": -0.17389951332324013,
  "2020": -2.233903982922816,
  "2021": -5.0786605373962335
 },
 "C4_vol_terciles": {
  "HIGH": -2.420568219657231,
  "LOW": -0.8613661279852978,
  "MID": -0.9903264495082558
 },
 "bybit": "BYBIT_CF_NEGATIVE",
 "maker_net_60s": {
  "n_fills": 504389,
  "n_orders": 13266,
  "value_xbt": 1127229.1840866301,
  "vw_mean": -1.5066125815501281,
  "vw_se": 0.5142112699350536,
  "vw_ci95": [
   -2.5899015261104124,
   -0.6055942038167291
  ],
  "mean": -1.1494071413924771,
  "median": 1.1652072933073496,
  "p25": -8.362504707995132,
  "p75": 6.735282393681955,
  "order_mean": 1.6205336042599858,
  "order_se": 0.47244762053552547,
  "order_ci95": [
   0.5938841913691315,
   2.4366308216136607
  ],
  "favorable_rate": 0.5350810584687612,
  "adverse_rate": 0.4649189415312388,
  "zero_rate": 0.0
 },
 "maker_cfb_60s": {
  "n_fills": 504389,
  "n_orders": 13266,
  "value_xbt": 1127229.1840866301,
  "vw_mean": -7.605821555867975,
  "vw_se": 0.5852125681083363,
  "vw_ci95": [
   -8.856645823473139,
   -6.579295494747055
  ],
  "mean": -6.077006140645789,
  "median": -3.349482136230222,
  "p25": -13.091598114428319,
  "p75": 1.9916349215990836,
  "order_mean": -4.50882873824883,
  "order_se": 0.547950189224325,
  "order_ci95": [
   -5.759005288488612,
   -3.5807988305364455
  ],
  "favorable_rate": 0.30147762936939543,
  "adverse_rate": 0.6985223706306045,
  "zero_rate": 0.0
 }
}
wall=453.75 s peak=5019148 KB
